../Core/Src/main.c:25:6:GPIO_Init	4	static
../Core/Src/main.c:45:6:I2C_Init	4	static
../Core/Src/main.c:69:6:I2C_Start	4	static
../Core/Src/main.c:81:6:I2C_Write	16	static
../Core/Src/main.c:94:6:I2C_Send_Addr	16	static
../Core/Src/main.c:108:6:I2C_Stop	4	static
../Core/Src/main.c:114:6:LCD_Write_Cmd	24	static
../Core/Src/main.c:142:6:LCD_Write_Data	24	static
../Core/Src/main.c:170:6:LCD_Cursor	16	static
../Core/Src/main.c:182:6:LCD_Init	8	static
../Core/Src/main.c:224:6:TIM4_ms_Delay	16	static
../Core/Src/main.c:234:5:main	8	static
