Archive member included to satisfy reference by file (symbol)

c:/users/ttoomat/stm32cubeide_1.9.0/stm32cubeide/plugins/com.st.stm32cube.ide.mcu.externaltools.gnu-tools-for-stm32.10.3-2021.10.win32_1.0.0.202111181127/tools/bin/../lib/gcc/arm-none-eabi/10.3.1/../../../../arm-none-eabi/lib/thumb/v7e-m+fp/hard\libc_nano.a(lib_a-errno.o)
                              ./Core/Src/syscalls.o (__errno)
c:/users/ttoomat/stm32cubeide_1.9.0/stm32cubeide/plugins/com.st.stm32cube.ide.mcu.externaltools.gnu-tools-for-stm32.10.3-2021.10.win32_1.0.0.202111181127/tools/bin/../lib/gcc/arm-none-eabi/10.3.1/../../../../arm-none-eabi/lib/thumb/v7e-m+fp/hard\libc_nano.a(lib_a-exit.o)
                              c:/users/ttoomat/stm32cubeide_1.9.0/stm32cubeide/plugins/com.st.stm32cube.ide.mcu.externaltools.gnu-tools-for-stm32.10.3-2021.10.win32_1.0.0.202111181127/tools/bin/../lib/gcc/arm-none-eabi/10.3.1/../../../../arm-none-eabi/lib/thumb/v7e-m+fp/hard/crt0.o (exit)
c:/users/ttoomat/stm32cubeide_1.9.0/stm32cubeide/plugins/com.st.stm32cube.ide.mcu.externaltools.gnu-tools-for-stm32.10.3-2021.10.win32_1.0.0.202111181127/tools/bin/../lib/gcc/arm-none-eabi/10.3.1/../../../../arm-none-eabi/lib/thumb/v7e-m+fp/hard\libc_nano.a(lib_a-impure.o)
                              c:/users/ttoomat/stm32cubeide_1.9.0/stm32cubeide/plugins/com.st.stm32cube.ide.mcu.externaltools.gnu-tools-for-stm32.10.3-2021.10.win32_1.0.0.202111181127/tools/bin/../lib/gcc/arm-none-eabi/10.3.1/../../../../arm-none-eabi/lib/thumb/v7e-m+fp/hard\libc_nano.a(lib_a-exit.o) (_global_impure_ptr)
c:/users/ttoomat/stm32cubeide_1.9.0/stm32cubeide/plugins/com.st.stm32cube.ide.mcu.externaltools.gnu-tools-for-stm32.10.3-2021.10.win32_1.0.0.202111181127/tools/bin/../lib/gcc/arm-none-eabi/10.3.1/../../../../arm-none-eabi/lib/thumb/v7e-m+fp/hard\libc_nano.a(lib_a-init.o)
                              c:/users/ttoomat/stm32cubeide_1.9.0/stm32cubeide/plugins/com.st.stm32cube.ide.mcu.externaltools.gnu-tools-for-stm32.10.3-2021.10.win32_1.0.0.202111181127/tools/bin/../lib/gcc/arm-none-eabi/10.3.1/../../../../arm-none-eabi/lib/thumb/v7e-m+fp/hard/crt0.o (__libc_init_array)
c:/users/ttoomat/stm32cubeide_1.9.0/stm32cubeide/plugins/com.st.stm32cube.ide.mcu.externaltools.gnu-tools-for-stm32.10.3-2021.10.win32_1.0.0.202111181127/tools/bin/../lib/gcc/arm-none-eabi/10.3.1/../../../../arm-none-eabi/lib/thumb/v7e-m+fp/hard\libc_nano.a(lib_a-memset.o)
                              c:/users/ttoomat/stm32cubeide_1.9.0/stm32cubeide/plugins/com.st.stm32cube.ide.mcu.externaltools.gnu-tools-for-stm32.10.3-2021.10.win32_1.0.0.202111181127/tools/bin/../lib/gcc/arm-none-eabi/10.3.1/../../../../arm-none-eabi/lib/thumb/v7e-m+fp/hard/crt0.o (memset)

Discarded input sections

 .text          0x0000000000000000        0x0 c:/users/ttoomat/stm32cubeide_1.9.0/stm32cubeide/plugins/com.st.stm32cube.ide.mcu.externaltools.gnu-tools-for-stm32.10.3-2021.10.win32_1.0.0.202111181127/tools/bin/../lib/gcc/arm-none-eabi/10.3.1/thumb/v7e-m+fp/hard/crti.o
 .data          0x0000000000000000        0x0 c:/users/ttoomat/stm32cubeide_1.9.0/stm32cubeide/plugins/com.st.stm32cube.ide.mcu.externaltools.gnu-tools-for-stm32.10.3-2021.10.win32_1.0.0.202111181127/tools/bin/../lib/gcc/arm-none-eabi/10.3.1/thumb/v7e-m+fp/hard/crti.o
 .bss           0x0000000000000000        0x0 c:/users/ttoomat/stm32cubeide_1.9.0/stm32cubeide/plugins/com.st.stm32cube.ide.mcu.externaltools.gnu-tools-for-stm32.10.3-2021.10.win32_1.0.0.202111181127/tools/bin/../lib/gcc/arm-none-eabi/10.3.1/thumb/v7e-m+fp/hard/crti.o
 .data          0x0000000000000000        0x4 c:/users/ttoomat/stm32cubeide_1.9.0/stm32cubeide/plugins/com.st.stm32cube.ide.mcu.externaltools.gnu-tools-for-stm32.10.3-2021.10.win32_1.0.0.202111181127/tools/bin/../lib/gcc/arm-none-eabi/10.3.1/thumb/v7e-m+fp/hard/crtbegin.o
 .rodata        0x0000000000000000       0x24 c:/users/ttoomat/stm32cubeide_1.9.0/stm32cubeide/plugins/com.st.stm32cube.ide.mcu.externaltools.gnu-tools-for-stm32.10.3-2021.10.win32_1.0.0.202111181127/tools/bin/../lib/gcc/arm-none-eabi/10.3.1/thumb/v7e-m+fp/hard/crtbegin.o
 .text          0x0000000000000000       0x7c c:/users/ttoomat/stm32cubeide_1.9.0/stm32cubeide/plugins/com.st.stm32cube.ide.mcu.externaltools.gnu-tools-for-stm32.10.3-2021.10.win32_1.0.0.202111181127/tools/bin/../lib/gcc/arm-none-eabi/10.3.1/../../../../arm-none-eabi/lib/thumb/v7e-m+fp/hard/crt0.o
 .data          0x0000000000000000        0x0 c:/users/ttoomat/stm32cubeide_1.9.0/stm32cubeide/plugins/com.st.stm32cube.ide.mcu.externaltools.gnu-tools-for-stm32.10.3-2021.10.win32_1.0.0.202111181127/tools/bin/../lib/gcc/arm-none-eabi/10.3.1/../../../../arm-none-eabi/lib/thumb/v7e-m+fp/hard/crt0.o
 .bss           0x0000000000000000        0x0 c:/users/ttoomat/stm32cubeide_1.9.0/stm32cubeide/plugins/com.st.stm32cube.ide.mcu.externaltools.gnu-tools-for-stm32.10.3-2021.10.win32_1.0.0.202111181127/tools/bin/../lib/gcc/arm-none-eabi/10.3.1/../../../../arm-none-eabi/lib/thumb/v7e-m+fp/hard/crt0.o
 .ARM.extab     0x0000000000000000        0x0 c:/users/ttoomat/stm32cubeide_1.9.0/stm32cubeide/plugins/com.st.stm32cube.ide.mcu.externaltools.gnu-tools-for-stm32.10.3-2021.10.win32_1.0.0.202111181127/tools/bin/../lib/gcc/arm-none-eabi/10.3.1/../../../../arm-none-eabi/lib/thumb/v7e-m+fp/hard/crt0.o
 .ARM.exidx     0x0000000000000000       0x10 c:/users/ttoomat/stm32cubeide_1.9.0/stm32cubeide/plugins/com.st.stm32cube.ide.mcu.externaltools.gnu-tools-for-stm32.10.3-2021.10.win32_1.0.0.202111181127/tools/bin/../lib/gcc/arm-none-eabi/10.3.1/../../../../arm-none-eabi/lib/thumb/v7e-m+fp/hard/crt0.o
 .ARM.attributes
                0x0000000000000000       0x1c c:/users/ttoomat/stm32cubeide_1.9.0/stm32cubeide/plugins/com.st.stm32cube.ide.mcu.externaltools.gnu-tools-for-stm32.10.3-2021.10.win32_1.0.0.202111181127/tools/bin/../lib/gcc/arm-none-eabi/10.3.1/../../../../arm-none-eabi/lib/thumb/v7e-m+fp/hard/crt0.o
 .group         0x0000000000000000        0xc ./Core/Src/main.o
 .group         0x0000000000000000        0xc ./Core/Src/main.o
 .group         0x0000000000000000        0xc ./Core/Src/main.o
 .group         0x0000000000000000        0xc ./Core/Src/main.o
 .group         0x0000000000000000        0xc ./Core/Src/main.o
 .group         0x0000000000000000        0xc ./Core/Src/main.o
 .group         0x0000000000000000        0xc ./Core/Src/main.o
 .group         0x0000000000000000        0xc ./Core/Src/main.o
 .group         0x0000000000000000        0xc ./Core/Src/main.o
 .group         0x0000000000000000        0xc ./Core/Src/main.o
 .group         0x0000000000000000        0xc ./Core/Src/main.o
 .group         0x0000000000000000        0xc ./Core/Src/main.o
 .group         0x0000000000000000        0xc ./Core/Src/main.o
 .group         0x0000000000000000        0xc ./Core/Src/main.o
 .text          0x0000000000000000        0x0 ./Core/Src/main.o
 .data          0x0000000000000000        0x0 ./Core/Src/main.o
 .bss           0x0000000000000000        0x0 ./Core/Src/main.o
 .group         0x0000000000000000        0xc ./Core/Src/syscalls.o
 .group         0x0000000000000000        0xc ./Core/Src/syscalls.o
 .group         0x0000000000000000        0xc ./Core/Src/syscalls.o
 .group         0x0000000000000000        0xc ./Core/Src/syscalls.o
 .group         0x0000000000000000        0xc ./Core/Src/syscalls.o
 .group         0x0000000000000000        0xc ./Core/Src/syscalls.o
 .group         0x0000000000000000        0xc ./Core/Src/syscalls.o
 .group         0x0000000000000000        0xc ./Core/Src/syscalls.o
 .group         0x0000000000000000        0xc ./Core/Src/syscalls.o
 .group         0x0000000000000000        0xc ./Core/Src/syscalls.o
 .group         0x0000000000000000        0xc ./Core/Src/syscalls.o
 .group         0x0000000000000000        0xc ./Core/Src/syscalls.o
 .group         0x0000000000000000        0xc ./Core/Src/syscalls.o
 .group         0x0000000000000000        0xc ./Core/Src/syscalls.o
 .group         0x0000000000000000        0xc ./Core/Src/syscalls.o
 .group         0x0000000000000000        0xc ./Core/Src/syscalls.o
 .group         0x0000000000000000        0xc ./Core/Src/syscalls.o
 .group         0x0000000000000000        0xc ./Core/Src/syscalls.o
 .group         0x0000000000000000        0xc ./Core/Src/syscalls.o
 .group         0x0000000000000000        0xc ./Core/Src/syscalls.o
 .group         0x0000000000000000        0xc ./Core/Src/syscalls.o
 .group         0x0000000000000000        0xc ./Core/Src/syscalls.o
 .group         0x0000000000000000        0xc ./Core/Src/syscalls.o
 .group         0x0000000000000000        0xc ./Core/Src/syscalls.o
 .group         0x0000000000000000        0xc ./Core/Src/syscalls.o
 .group         0x0000000000000000        0xc ./Core/Src/syscalls.o
 .group         0x0000000000000000        0xc ./Core/Src/syscalls.o
 .group         0x0000000000000000        0xc ./Core/Src/syscalls.o
 .group         0x0000000000000000        0xc ./Core/Src/syscalls.o
 .group         0x0000000000000000        0xc ./Core/Src/syscalls.o
 .group         0x0000000000000000        0xc ./Core/Src/syscalls.o
 .group         0x0000000000000000        0xc ./Core/Src/syscalls.o
 .group         0x0000000000000000        0xc ./Core/Src/syscalls.o
 .group         0x0000000000000000        0xc ./Core/Src/syscalls.o
 .group         0x0000000000000000        0xc ./Core/Src/syscalls.o
 .group         0x0000000000000000        0xc ./Core/Src/syscalls.o
 .group         0x0000000000000000        0xc ./Core/Src/syscalls.o
 .group         0x0000000000000000        0xc ./Core/Src/syscalls.o
 .group         0x0000000000000000        0xc ./Core/Src/syscalls.o
 .group         0x0000000000000000        0xc ./Core/Src/syscalls.o
 .group         0x0000000000000000        0xc ./Core/Src/syscalls.o
 .group         0x0000000000000000        0xc ./Core/Src/syscalls.o
 .group         0x0000000000000000        0xc ./Core/Src/syscalls.o
 .group         0x0000000000000000        0xc ./Core/Src/syscalls.o
 .group         0x0000000000000000        0xc ./Core/Src/syscalls.o
 .group         0x0000000000000000        0xc ./Core/Src/syscalls.o
 .group         0x0000000000000000        0xc ./Core/Src/syscalls.o
 .text          0x0000000000000000        0x0 ./Core/Src/syscalls.o
 .data          0x0000000000000000        0x0 ./Core/Src/syscalls.o
 .bss           0x0000000000000000        0x0 ./Core/Src/syscalls.o
 .bss.__env     0x0000000000000000        0x4 ./Core/Src/syscalls.o
 .data.environ  0x0000000000000000        0x4 ./Core/Src/syscalls.o
 .text.initialise_monitor_handles
                0x0000000000000000        0xe ./Core/Src/syscalls.o
 .text._getpid  0x0000000000000000       0x10 ./Core/Src/syscalls.o
 .text._kill    0x0000000000000000       0x20 ./Core/Src/syscalls.o
 .text._exit    0x0000000000000000       0x14 ./Core/Src/syscalls.o
 .text._read    0x0000000000000000       0x3a ./Core/Src/syscalls.o
 .text._write   0x0000000000000000       0x38 ./Core/Src/syscalls.o
 .text._close   0x0000000000000000       0x18 ./Core/Src/syscalls.o
 .text._fstat   0x0000000000000000       0x20 ./Core/Src/syscalls.o
 .text._isatty  0x0000000000000000       0x16 ./Core/Src/syscalls.o
 .text._lseek   0x0000000000000000       0x1a ./Core/Src/syscalls.o
 .text._open    0x0000000000000000       0x1c ./Core/Src/syscalls.o
 .text._wait    0x0000000000000000       0x1e ./Core/Src/syscalls.o
 .text._unlink  0x0000000000000000       0x1e ./Core/Src/syscalls.o
 .text._times   0x0000000000000000       0x18 ./Core/Src/syscalls.o
 .text._stat    0x0000000000000000       0x20 ./Core/Src/syscalls.o
 .text._link    0x0000000000000000       0x20 ./Core/Src/syscalls.o
 .text._fork    0x0000000000000000       0x16 ./Core/Src/syscalls.o
 .text._execve  0x0000000000000000       0x22 ./Core/Src/syscalls.o
 .debug_info    0x0000000000000000      0x6e0 ./Core/Src/syscalls.o
 .debug_abbrev  0x0000000000000000      0x1b3 ./Core/Src/syscalls.o
 .debug_aranges
                0x0000000000000000       0xa8 ./Core/Src/syscalls.o
 .debug_ranges  0x0000000000000000       0x98 ./Core/Src/syscalls.o
 .debug_macro   0x0000000000000000      0x24c ./Core/Src/syscalls.o
 .debug_macro   0x0000000000000000      0xa78 ./Core/Src/syscalls.o
 .debug_macro   0x0000000000000000       0x22 ./Core/Src/syscalls.o
 .debug_macro   0x0000000000000000       0x4c ./Core/Src/syscalls.o
 .debug_macro   0x0000000000000000       0x1e ./Core/Src/syscalls.o
 .debug_macro   0x0000000000000000       0x94 ./Core/Src/syscalls.o
 .debug_macro   0x0000000000000000       0x3c ./Core/Src/syscalls.o
 .debug_macro   0x0000000000000000       0x34 ./Core/Src/syscalls.o
 .debug_macro   0x0000000000000000       0x57 ./Core/Src/syscalls.o
 .debug_macro   0x0000000000000000      0x174 ./Core/Src/syscalls.o
 .debug_macro   0x0000000000000000      0x341 ./Core/Src/syscalls.o
 .debug_macro   0x0000000000000000       0x16 ./Core/Src/syscalls.o
 .debug_macro   0x0000000000000000       0x43 ./Core/Src/syscalls.o
 .debug_macro   0x0000000000000000       0x34 ./Core/Src/syscalls.o
 .debug_macro   0x0000000000000000       0x10 ./Core/Src/syscalls.o
 .debug_macro   0x0000000000000000       0x58 ./Core/Src/syscalls.o
 .debug_macro   0x0000000000000000       0x71 ./Core/Src/syscalls.o
 .debug_macro   0x0000000000000000       0x1c ./Core/Src/syscalls.o
 .debug_macro   0x0000000000000000      0x12a ./Core/Src/syscalls.o
 .debug_macro   0x0000000000000000       0x10 ./Core/Src/syscalls.o
 .debug_macro   0x0000000000000000       0x35 ./Core/Src/syscalls.o
 .debug_macro   0x0000000000000000       0x10 ./Core/Src/syscalls.o
 .debug_macro   0x0000000000000000       0x10 ./Core/Src/syscalls.o
 .debug_macro   0x0000000000000000       0x10 ./Core/Src/syscalls.o
 .debug_macro   0x0000000000000000       0x6a ./Core/Src/syscalls.o
 .debug_macro   0x0000000000000000       0x1c ./Core/Src/syscalls.o
 .debug_macro   0x0000000000000000       0x52 ./Core/Src/syscalls.o
 .debug_macro   0x0000000000000000       0x22 ./Core/Src/syscalls.o
 .debug_macro   0x0000000000000000       0x10 ./Core/Src/syscalls.o
 .debug_macro   0x0000000000000000       0x52 ./Core/Src/syscalls.o
 .debug_macro   0x0000000000000000       0xd5 ./Core/Src/syscalls.o
 .debug_macro   0x0000000000000000       0x1c ./Core/Src/syscalls.o
 .debug_macro   0x0000000000000000       0x3d ./Core/Src/syscalls.o
 .debug_macro   0x0000000000000000       0x35 ./Core/Src/syscalls.o
 .debug_macro   0x0000000000000000      0x12c ./Core/Src/syscalls.o
 .debug_macro   0x0000000000000000       0x16 ./Core/Src/syscalls.o
 .debug_macro   0x0000000000000000       0x16 ./Core/Src/syscalls.o
 .debug_macro   0x0000000000000000       0x29 ./Core/Src/syscalls.o
 .debug_macro   0x0000000000000000       0x10 ./Core/Src/syscalls.o
 .debug_macro   0x0000000000000000      0x241 ./Core/Src/syscalls.o
 .debug_macro   0x0000000000000000       0x1c ./Core/Src/syscalls.o
 .debug_macro   0x0000000000000000       0x10 ./Core/Src/syscalls.o
 .debug_macro   0x0000000000000000       0x10 ./Core/Src/syscalls.o
 .debug_macro   0x0000000000000000       0x16 ./Core/Src/syscalls.o
 .debug_macro   0x0000000000000000      0x145 ./Core/Src/syscalls.o
 .debug_macro   0x0000000000000000      0x189 ./Core/Src/syscalls.o
 .debug_macro   0x0000000000000000       0x16 ./Core/Src/syscalls.o
 .debug_macro   0x0000000000000000       0xce ./Core/Src/syscalls.o
 .debug_line    0x0000000000000000      0x826 ./Core/Src/syscalls.o
 .debug_str     0x0000000000000000     0x8a6c ./Core/Src/syscalls.o
 .comment       0x0000000000000000       0x51 ./Core/Src/syscalls.o
 .debug_frame   0x0000000000000000      0x2ac ./Core/Src/syscalls.o
 .ARM.attributes
                0x0000000000000000       0x34 ./Core/Src/syscalls.o
 .group         0x0000000000000000        0xc ./Core/Src/sysmem.o
 .group         0x0000000000000000        0xc ./Core/Src/sysmem.o
 .group         0x0000000000000000        0xc ./Core/Src/sysmem.o
 .group         0x0000000000000000        0xc ./Core/Src/sysmem.o
 .group         0x0000000000000000        0xc ./Core/Src/sysmem.o
 .group         0x0000000000000000        0xc ./Core/Src/sysmem.o
 .group         0x0000000000000000        0xc ./Core/Src/sysmem.o
 .group         0x0000000000000000        0xc ./Core/Src/sysmem.o
 .group         0x0000000000000000        0xc ./Core/Src/sysmem.o
 .group         0x0000000000000000        0xc ./Core/Src/sysmem.o
 .group         0x0000000000000000        0xc ./Core/Src/sysmem.o
 .group         0x0000000000000000        0xc ./Core/Src/sysmem.o
 .group         0x0000000000000000        0xc ./Core/Src/sysmem.o
 .group         0x0000000000000000        0xc ./Core/Src/sysmem.o
 .group         0x0000000000000000        0xc ./Core/Src/sysmem.o
 .group         0x0000000000000000        0xc ./Core/Src/sysmem.o
 .group         0x0000000000000000        0xc ./Core/Src/sysmem.o
 .group         0x0000000000000000        0xc ./Core/Src/sysmem.o
 .group         0x0000000000000000        0xc ./Core/Src/sysmem.o
 .group         0x0000000000000000        0xc ./Core/Src/sysmem.o
 .group         0x0000000000000000        0xc ./Core/Src/sysmem.o
 .group         0x0000000000000000        0xc ./Core/Src/sysmem.o
 .text          0x0000000000000000        0x0 ./Core/Src/sysmem.o
 .data          0x0000000000000000        0x0 ./Core/Src/sysmem.o
 .bss           0x0000000000000000        0x0 ./Core/Src/sysmem.o
 .bss.__sbrk_heap_end
                0x0000000000000000        0x4 ./Core/Src/sysmem.o
 .text._sbrk    0x0000000000000000       0x6c ./Core/Src/sysmem.o
 .debug_info    0x0000000000000000      0x171 ./Core/Src/sysmem.o
 .debug_abbrev  0x0000000000000000       0xbb ./Core/Src/sysmem.o
 .debug_aranges
                0x0000000000000000       0x20 ./Core/Src/sysmem.o
 .debug_ranges  0x0000000000000000       0x10 ./Core/Src/sysmem.o
 .debug_macro   0x0000000000000000       0xff ./Core/Src/sysmem.o
 .debug_macro   0x0000000000000000      0xa78 ./Core/Src/sysmem.o
 .debug_macro   0x0000000000000000       0x10 ./Core/Src/sysmem.o
 .debug_macro   0x0000000000000000       0x22 ./Core/Src/sysmem.o
 .debug_macro   0x0000000000000000       0x4c ./Core/Src/sysmem.o
 .debug_macro   0x0000000000000000       0x1e ./Core/Src/sysmem.o
 .debug_macro   0x0000000000000000       0x94 ./Core/Src/sysmem.o
 .debug_macro   0x0000000000000000       0x3c ./Core/Src/sysmem.o
 .debug_macro   0x0000000000000000       0x34 ./Core/Src/sysmem.o
 .debug_macro   0x0000000000000000      0x174 ./Core/Src/sysmem.o
 .debug_macro   0x0000000000000000       0x16 ./Core/Src/sysmem.o
 .debug_macro   0x0000000000000000       0x43 ./Core/Src/sysmem.o
 .debug_macro   0x0000000000000000       0x57 ./Core/Src/sysmem.o
 .debug_macro   0x0000000000000000       0x34 ./Core/Src/sysmem.o
 .debug_macro   0x0000000000000000       0x10 ./Core/Src/sysmem.o
 .debug_macro   0x0000000000000000       0x58 ./Core/Src/sysmem.o
 .debug_macro   0x0000000000000000       0x71 ./Core/Src/sysmem.o
 .debug_macro   0x0000000000000000       0x1c ./Core/Src/sysmem.o
 .debug_macro   0x0000000000000000      0x12a ./Core/Src/sysmem.o
 .debug_macro   0x0000000000000000      0x23b ./Core/Src/sysmem.o
 .debug_macro   0x0000000000000000      0x103 ./Core/Src/sysmem.o
 .debug_macro   0x0000000000000000       0x6a ./Core/Src/sysmem.o
 .debug_macro   0x0000000000000000      0x1df ./Core/Src/sysmem.o
 .debug_line    0x0000000000000000      0x51c ./Core/Src/sysmem.o
 .debug_str     0x0000000000000000     0x5da8 ./Core/Src/sysmem.o
 .comment       0x0000000000000000       0x51 ./Core/Src/sysmem.o
 .debug_frame   0x0000000000000000       0x34 ./Core/Src/sysmem.o
 .ARM.attributes
                0x0000000000000000       0x34 ./Core/Src/sysmem.o
 .text          0x0000000000000000       0x14 ./Core/Startup/startup_stm32f446retx.o
 .data          0x0000000000000000        0x0 ./Core/Startup/startup_stm32f446retx.o
 .bss           0x0000000000000000        0x0 ./Core/Startup/startup_stm32f446retx.o
 .text          0x0000000000000000        0x0 c:/users/ttoomat/stm32cubeide_1.9.0/stm32cubeide/plugins/com.st.stm32cube.ide.mcu.externaltools.gnu-tools-for-stm32.10.3-2021.10.win32_1.0.0.202111181127/tools/bin/../lib/gcc/arm-none-eabi/10.3.1/../../../../arm-none-eabi/lib/thumb/v7e-m+fp/hard\libc_nano.a(lib_a-errno.o)
 .data          0x0000000000000000        0x0 c:/users/ttoomat/stm32cubeide_1.9.0/stm32cubeide/plugins/com.st.stm32cube.ide.mcu.externaltools.gnu-tools-for-stm32.10.3-2021.10.win32_1.0.0.202111181127/tools/bin/../lib/gcc/arm-none-eabi/10.3.1/../../../../arm-none-eabi/lib/thumb/v7e-m+fp/hard\libc_nano.a(lib_a-errno.o)
 .bss           0x0000000000000000        0x0 c:/users/ttoomat/stm32cubeide_1.9.0/stm32cubeide/plugins/com.st.stm32cube.ide.mcu.externaltools.gnu-tools-for-stm32.10.3-2021.10.win32_1.0.0.202111181127/tools/bin/../lib/gcc/arm-none-eabi/10.3.1/../../../../arm-none-eabi/lib/thumb/v7e-m+fp/hard\libc_nano.a(lib_a-errno.o)
 .text.__errno  0x0000000000000000        0xc c:/users/ttoomat/stm32cubeide_1.9.0/stm32cubeide/plugins/com.st.stm32cube.ide.mcu.externaltools.gnu-tools-for-stm32.10.3-2021.10.win32_1.0.0.202111181127/tools/bin/../lib/gcc/arm-none-eabi/10.3.1/../../../../arm-none-eabi/lib/thumb/v7e-m+fp/hard\libc_nano.a(lib_a-errno.o)
 .debug_frame   0x0000000000000000       0x20 c:/users/ttoomat/stm32cubeide_1.9.0/stm32cubeide/plugins/com.st.stm32cube.ide.mcu.externaltools.gnu-tools-for-stm32.10.3-2021.10.win32_1.0.0.202111181127/tools/bin/../lib/gcc/arm-none-eabi/10.3.1/../../../../arm-none-eabi/lib/thumb/v7e-m+fp/hard\libc_nano.a(lib_a-errno.o)
 .ARM.attributes
                0x0000000000000000       0x34 c:/users/ttoomat/stm32cubeide_1.9.0/stm32cubeide/plugins/com.st.stm32cube.ide.mcu.externaltools.gnu-tools-for-stm32.10.3-2021.10.win32_1.0.0.202111181127/tools/bin/../lib/gcc/arm-none-eabi/10.3.1/../../../../arm-none-eabi/lib/thumb/v7e-m+fp/hard\libc_nano.a(lib_a-errno.o)
 .text          0x0000000000000000        0x0 c:/users/ttoomat/stm32cubeide_1.9.0/stm32cubeide/plugins/com.st.stm32cube.ide.mcu.externaltools.gnu-tools-for-stm32.10.3-2021.10.win32_1.0.0.202111181127/tools/bin/../lib/gcc/arm-none-eabi/10.3.1/../../../../arm-none-eabi/lib/thumb/v7e-m+fp/hard\libc_nano.a(lib_a-exit.o)
 .data          0x0000000000000000        0x0 c:/users/ttoomat/stm32cubeide_1.9.0/stm32cubeide/plugins/com.st.stm32cube.ide.mcu.externaltools.gnu-tools-for-stm32.10.3-2021.10.win32_1.0.0.202111181127/tools/bin/../lib/gcc/arm-none-eabi/10.3.1/../../../../arm-none-eabi/lib/thumb/v7e-m+fp/hard\libc_nano.a(lib_a-exit.o)
 .bss           0x0000000000000000        0x0 c:/users/ttoomat/stm32cubeide_1.9.0/stm32cubeide/plugins/com.st.stm32cube.ide.mcu.externaltools.gnu-tools-for-stm32.10.3-2021.10.win32_1.0.0.202111181127/tools/bin/../lib/gcc/arm-none-eabi/10.3.1/../../../../arm-none-eabi/lib/thumb/v7e-m+fp/hard\libc_nano.a(lib_a-exit.o)
 .text.exit     0x0000000000000000       0x28 c:/users/ttoomat/stm32cubeide_1.9.0/stm32cubeide/plugins/com.st.stm32cube.ide.mcu.externaltools.gnu-tools-for-stm32.10.3-2021.10.win32_1.0.0.202111181127/tools/bin/../lib/gcc/arm-none-eabi/10.3.1/../../../../arm-none-eabi/lib/thumb/v7e-m+fp/hard\libc_nano.a(lib_a-exit.o)
 .debug_frame   0x0000000000000000       0x28 c:/users/ttoomat/stm32cubeide_1.9.0/stm32cubeide/plugins/com.st.stm32cube.ide.mcu.externaltools.gnu-tools-for-stm32.10.3-2021.10.win32_1.0.0.202111181127/tools/bin/../lib/gcc/arm-none-eabi/10.3.1/../../../../arm-none-eabi/lib/thumb/v7e-m+fp/hard\libc_nano.a(lib_a-exit.o)
 .ARM.attributes
                0x0000000000000000       0x34 c:/users/ttoomat/stm32cubeide_1.9.0/stm32cubeide/plugins/com.st.stm32cube.ide.mcu.externaltools.gnu-tools-for-stm32.10.3-2021.10.win32_1.0.0.202111181127/tools/bin/../lib/gcc/arm-none-eabi/10.3.1/../../../../arm-none-eabi/lib/thumb/v7e-m+fp/hard\libc_nano.a(lib_a-exit.o)
 .text          0x0000000000000000        0x0 c:/users/ttoomat/stm32cubeide_1.9.0/stm32cubeide/plugins/com.st.stm32cube.ide.mcu.externaltools.gnu-tools-for-stm32.10.3-2021.10.win32_1.0.0.202111181127/tools/bin/../lib/gcc/arm-none-eabi/10.3.1/../../../../arm-none-eabi/lib/thumb/v7e-m+fp/hard\libc_nano.a(lib_a-impure.o)
 .data          0x0000000000000000        0x0 c:/users/ttoomat/stm32cubeide_1.9.0/stm32cubeide/plugins/com.st.stm32cube.ide.mcu.externaltools.gnu-tools-for-stm32.10.3-2021.10.win32_1.0.0.202111181127/tools/bin/../lib/gcc/arm-none-eabi/10.3.1/../../../../arm-none-eabi/lib/thumb/v7e-m+fp/hard\libc_nano.a(lib_a-impure.o)
 .bss           0x0000000000000000        0x0 c:/users/ttoomat/stm32cubeide_1.9.0/stm32cubeide/plugins/com.st.stm32cube.ide.mcu.externaltools.gnu-tools-for-stm32.10.3-2021.10.win32_1.0.0.202111181127/tools/bin/../lib/gcc/arm-none-eabi/10.3.1/../../../../arm-none-eabi/lib/thumb/v7e-m+fp/hard\libc_nano.a(lib_a-impure.o)
 .data._impure_ptr
                0x0000000000000000        0x4 c:/users/ttoomat/stm32cubeide_1.9.0/stm32cubeide/plugins/com.st.stm32cube.ide.mcu.externaltools.gnu-tools-for-stm32.10.3-2021.10.win32_1.0.0.202111181127/tools/bin/../lib/gcc/arm-none-eabi/10.3.1/../../../../arm-none-eabi/lib/thumb/v7e-m+fp/hard\libc_nano.a(lib_a-impure.o)
 .data.impure_data
                0x0000000000000000       0x60 c:/users/ttoomat/stm32cubeide_1.9.0/stm32cubeide/plugins/com.st.stm32cube.ide.mcu.externaltools.gnu-tools-for-stm32.10.3-2021.10.win32_1.0.0.202111181127/tools/bin/../lib/gcc/arm-none-eabi/10.3.1/../../../../arm-none-eabi/lib/thumb/v7e-m+fp/hard\libc_nano.a(lib_a-impure.o)
 .rodata._global_impure_ptr
                0x0000000000000000        0x4 c:/users/ttoomat/stm32cubeide_1.9.0/stm32cubeide/plugins/com.st.stm32cube.ide.mcu.externaltools.gnu-tools-for-stm32.10.3-2021.10.win32_1.0.0.202111181127/tools/bin/../lib/gcc/arm-none-eabi/10.3.1/../../../../arm-none-eabi/lib/thumb/v7e-m+fp/hard\libc_nano.a(lib_a-impure.o)
 .ARM.attributes
                0x0000000000000000       0x34 c:/users/ttoomat/stm32cubeide_1.9.0/stm32cubeide/plugins/com.st.stm32cube.ide.mcu.externaltools.gnu-tools-for-stm32.10.3-2021.10.win32_1.0.0.202111181127/tools/bin/../lib/gcc/arm-none-eabi/10.3.1/../../../../arm-none-eabi/lib/thumb/v7e-m+fp/hard\libc_nano.a(lib_a-impure.o)
 .text          0x0000000000000000        0x0 c:/users/ttoomat/stm32cubeide_1.9.0/stm32cubeide/plugins/com.st.stm32cube.ide.mcu.externaltools.gnu-tools-for-stm32.10.3-2021.10.win32_1.0.0.202111181127/tools/bin/../lib/gcc/arm-none-eabi/10.3.1/../../../../arm-none-eabi/lib/thumb/v7e-m+fp/hard\libc_nano.a(lib_a-init.o)
 .data          0x0000000000000000        0x0 c:/users/ttoomat/stm32cubeide_1.9.0/stm32cubeide/plugins/com.st.stm32cube.ide.mcu.externaltools.gnu-tools-for-stm32.10.3-2021.10.win32_1.0.0.202111181127/tools/bin/../lib/gcc/arm-none-eabi/10.3.1/../../../../arm-none-eabi/lib/thumb/v7e-m+fp/hard\libc_nano.a(lib_a-init.o)
 .bss           0x0000000000000000        0x0 c:/users/ttoomat/stm32cubeide_1.9.0/stm32cubeide/plugins/com.st.stm32cube.ide.mcu.externaltools.gnu-tools-for-stm32.10.3-2021.10.win32_1.0.0.202111181127/tools/bin/../lib/gcc/arm-none-eabi/10.3.1/../../../../arm-none-eabi/lib/thumb/v7e-m+fp/hard\libc_nano.a(lib_a-init.o)
 .text          0x0000000000000000        0x0 c:/users/ttoomat/stm32cubeide_1.9.0/stm32cubeide/plugins/com.st.stm32cube.ide.mcu.externaltools.gnu-tools-for-stm32.10.3-2021.10.win32_1.0.0.202111181127/tools/bin/../lib/gcc/arm-none-eabi/10.3.1/../../../../arm-none-eabi/lib/thumb/v7e-m+fp/hard\libc_nano.a(lib_a-memset.o)
 .data          0x0000000000000000        0x0 c:/users/ttoomat/stm32cubeide_1.9.0/stm32cubeide/plugins/com.st.stm32cube.ide.mcu.externaltools.gnu-tools-for-stm32.10.3-2021.10.win32_1.0.0.202111181127/tools/bin/../lib/gcc/arm-none-eabi/10.3.1/../../../../arm-none-eabi/lib/thumb/v7e-m+fp/hard\libc_nano.a(lib_a-memset.o)
 .bss           0x0000000000000000        0x0 c:/users/ttoomat/stm32cubeide_1.9.0/stm32cubeide/plugins/com.st.stm32cube.ide.mcu.externaltools.gnu-tools-for-stm32.10.3-2021.10.win32_1.0.0.202111181127/tools/bin/../lib/gcc/arm-none-eabi/10.3.1/../../../../arm-none-eabi/lib/thumb/v7e-m+fp/hard\libc_nano.a(lib_a-memset.o)
 .text.memset   0x0000000000000000       0x10 c:/users/ttoomat/stm32cubeide_1.9.0/stm32cubeide/plugins/com.st.stm32cube.ide.mcu.externaltools.gnu-tools-for-stm32.10.3-2021.10.win32_1.0.0.202111181127/tools/bin/../lib/gcc/arm-none-eabi/10.3.1/../../../../arm-none-eabi/lib/thumb/v7e-m+fp/hard\libc_nano.a(lib_a-memset.o)
 .debug_frame   0x0000000000000000       0x20 c:/users/ttoomat/stm32cubeide_1.9.0/stm32cubeide/plugins/com.st.stm32cube.ide.mcu.externaltools.gnu-tools-for-stm32.10.3-2021.10.win32_1.0.0.202111181127/tools/bin/../lib/gcc/arm-none-eabi/10.3.1/../../../../arm-none-eabi/lib/thumb/v7e-m+fp/hard\libc_nano.a(lib_a-memset.o)
 .ARM.attributes
                0x0000000000000000       0x34 c:/users/ttoomat/stm32cubeide_1.9.0/stm32cubeide/plugins/com.st.stm32cube.ide.mcu.externaltools.gnu-tools-for-stm32.10.3-2021.10.win32_1.0.0.202111181127/tools/bin/../lib/gcc/arm-none-eabi/10.3.1/../../../../arm-none-eabi/lib/thumb/v7e-m+fp/hard\libc_nano.a(lib_a-memset.o)
 .text          0x0000000000000000        0x0 c:/users/ttoomat/stm32cubeide_1.9.0/stm32cubeide/plugins/com.st.stm32cube.ide.mcu.externaltools.gnu-tools-for-stm32.10.3-2021.10.win32_1.0.0.202111181127/tools/bin/../lib/gcc/arm-none-eabi/10.3.1/thumb/v7e-m+fp/hard/crtend.o
 .data          0x0000000000000000        0x0 c:/users/ttoomat/stm32cubeide_1.9.0/stm32cubeide/plugins/com.st.stm32cube.ide.mcu.externaltools.gnu-tools-for-stm32.10.3-2021.10.win32_1.0.0.202111181127/tools/bin/../lib/gcc/arm-none-eabi/10.3.1/thumb/v7e-m+fp/hard/crtend.o
 .bss           0x0000000000000000        0x0 c:/users/ttoomat/stm32cubeide_1.9.0/stm32cubeide/plugins/com.st.stm32cube.ide.mcu.externaltools.gnu-tools-for-stm32.10.3-2021.10.win32_1.0.0.202111181127/tools/bin/../lib/gcc/arm-none-eabi/10.3.1/thumb/v7e-m+fp/hard/crtend.o
 .rodata        0x0000000000000000       0x24 c:/users/ttoomat/stm32cubeide_1.9.0/stm32cubeide/plugins/com.st.stm32cube.ide.mcu.externaltools.gnu-tools-for-stm32.10.3-2021.10.win32_1.0.0.202111181127/tools/bin/../lib/gcc/arm-none-eabi/10.3.1/thumb/v7e-m+fp/hard/crtend.o
 .eh_frame      0x0000000000000000        0x4 c:/users/ttoomat/stm32cubeide_1.9.0/stm32cubeide/plugins/com.st.stm32cube.ide.mcu.externaltools.gnu-tools-for-stm32.10.3-2021.10.win32_1.0.0.202111181127/tools/bin/../lib/gcc/arm-none-eabi/10.3.1/thumb/v7e-m+fp/hard/crtend.o
 .ARM.attributes
                0x0000000000000000       0x34 c:/users/ttoomat/stm32cubeide_1.9.0/stm32cubeide/plugins/com.st.stm32cube.ide.mcu.externaltools.gnu-tools-for-stm32.10.3-2021.10.win32_1.0.0.202111181127/tools/bin/../lib/gcc/arm-none-eabi/10.3.1/thumb/v7e-m+fp/hard/crtend.o
 .text          0x0000000000000000        0x0 c:/users/ttoomat/stm32cubeide_1.9.0/stm32cubeide/plugins/com.st.stm32cube.ide.mcu.externaltools.gnu-tools-for-stm32.10.3-2021.10.win32_1.0.0.202111181127/tools/bin/../lib/gcc/arm-none-eabi/10.3.1/thumb/v7e-m+fp/hard/crtn.o
 .data          0x0000000000000000        0x0 c:/users/ttoomat/stm32cubeide_1.9.0/stm32cubeide/plugins/com.st.stm32cube.ide.mcu.externaltools.gnu-tools-for-stm32.10.3-2021.10.win32_1.0.0.202111181127/tools/bin/../lib/gcc/arm-none-eabi/10.3.1/thumb/v7e-m+fp/hard/crtn.o
 .bss           0x0000000000000000        0x0 c:/users/ttoomat/stm32cubeide_1.9.0/stm32cubeide/plugins/com.st.stm32cube.ide.mcu.externaltools.gnu-tools-for-stm32.10.3-2021.10.win32_1.0.0.202111181127/tools/bin/../lib/gcc/arm-none-eabi/10.3.1/thumb/v7e-m+fp/hard/crtn.o

Memory Configuration

Name             Origin             Length             Attributes
RAM              0x0000000020000000 0x0000000000020000 xrw
FLASH            0x0000000008000000 0x0000000000080000 xr
*default*        0x0000000000000000 0xffffffffffffffff

Linker script and memory map

LOAD c:/users/ttoomat/stm32cubeide_1.9.0/stm32cubeide/plugins/com.st.stm32cube.ide.mcu.externaltools.gnu-tools-for-stm32.10.3-2021.10.win32_1.0.0.202111181127/tools/bin/../lib/gcc/arm-none-eabi/10.3.1/thumb/v7e-m+fp/hard/crti.o
LOAD c:/users/ttoomat/stm32cubeide_1.9.0/stm32cubeide/plugins/com.st.stm32cube.ide.mcu.externaltools.gnu-tools-for-stm32.10.3-2021.10.win32_1.0.0.202111181127/tools/bin/../lib/gcc/arm-none-eabi/10.3.1/thumb/v7e-m+fp/hard/crtbegin.o
LOAD c:/users/ttoomat/stm32cubeide_1.9.0/stm32cubeide/plugins/com.st.stm32cube.ide.mcu.externaltools.gnu-tools-for-stm32.10.3-2021.10.win32_1.0.0.202111181127/tools/bin/../lib/gcc/arm-none-eabi/10.3.1/../../../../arm-none-eabi/lib/thumb/v7e-m+fp/hard/crt0.o
LOAD ./Core/Src/main.o
LOAD ./Core/Src/syscalls.o
LOAD ./Core/Src/sysmem.o
LOAD ./Core/Startup/startup_stm32f446retx.o
START GROUP
LOAD c:/users/ttoomat/stm32cubeide_1.9.0/stm32cubeide/plugins/com.st.stm32cube.ide.mcu.externaltools.gnu-tools-for-stm32.10.3-2021.10.win32_1.0.0.202111181127/tools/bin/../lib/gcc/arm-none-eabi/10.3.1/../../../../arm-none-eabi/lib/thumb/v7e-m+fp/hard\libc_nano.a
LOAD c:/users/ttoomat/stm32cubeide_1.9.0/stm32cubeide/plugins/com.st.stm32cube.ide.mcu.externaltools.gnu-tools-for-stm32.10.3-2021.10.win32_1.0.0.202111181127/tools/bin/../lib/gcc/arm-none-eabi/10.3.1/../../../../arm-none-eabi/lib/thumb/v7e-m+fp/hard\libm.a
END GROUP
START GROUP
LOAD c:/users/ttoomat/stm32cubeide_1.9.0/stm32cubeide/plugins/com.st.stm32cube.ide.mcu.externaltools.gnu-tools-for-stm32.10.3-2021.10.win32_1.0.0.202111181127/tools/bin/../lib/gcc/arm-none-eabi/10.3.1/thumb/v7e-m+fp/hard\libgcc.a
LOAD c:/users/ttoomat/stm32cubeide_1.9.0/stm32cubeide/plugins/com.st.stm32cube.ide.mcu.externaltools.gnu-tools-for-stm32.10.3-2021.10.win32_1.0.0.202111181127/tools/bin/../lib/gcc/arm-none-eabi/10.3.1/../../../../arm-none-eabi/lib/thumb/v7e-m+fp/hard\libc_nano.a
END GROUP
START GROUP
LOAD c:/users/ttoomat/stm32cubeide_1.9.0/stm32cubeide/plugins/com.st.stm32cube.ide.mcu.externaltools.gnu-tools-for-stm32.10.3-2021.10.win32_1.0.0.202111181127/tools/bin/../lib/gcc/arm-none-eabi/10.3.1/thumb/v7e-m+fp/hard\libgcc.a
LOAD c:/users/ttoomat/stm32cubeide_1.9.0/stm32cubeide/plugins/com.st.stm32cube.ide.mcu.externaltools.gnu-tools-for-stm32.10.3-2021.10.win32_1.0.0.202111181127/tools/bin/../lib/gcc/arm-none-eabi/10.3.1/../../../../arm-none-eabi/lib/thumb/v7e-m+fp/hard\libc_nano.a
LOAD c:/users/ttoomat/stm32cubeide_1.9.0/stm32cubeide/plugins/com.st.stm32cube.ide.mcu.externaltools.gnu-tools-for-stm32.10.3-2021.10.win32_1.0.0.202111181127/tools/bin/../lib/gcc/arm-none-eabi/10.3.1/../../../../arm-none-eabi/lib/thumb/v7e-m+fp/hard\libnosys.a
END GROUP
START GROUP
LOAD c:/users/ttoomat/stm32cubeide_1.9.0/stm32cubeide/plugins/com.st.stm32cube.ide.mcu.externaltools.gnu-tools-for-stm32.10.3-2021.10.win32_1.0.0.202111181127/tools/bin/../lib/gcc/arm-none-eabi/10.3.1/thumb/v7e-m+fp/hard\libgcc.a
LOAD c:/users/ttoomat/stm32cubeide_1.9.0/stm32cubeide/plugins/com.st.stm32cube.ide.mcu.externaltools.gnu-tools-for-stm32.10.3-2021.10.win32_1.0.0.202111181127/tools/bin/../lib/gcc/arm-none-eabi/10.3.1/../../../../arm-none-eabi/lib/thumb/v7e-m+fp/hard\libc_nano.a
LOAD c:/users/ttoomat/stm32cubeide_1.9.0/stm32cubeide/plugins/com.st.stm32cube.ide.mcu.externaltools.gnu-tools-for-stm32.10.3-2021.10.win32_1.0.0.202111181127/tools/bin/../lib/gcc/arm-none-eabi/10.3.1/../../../../arm-none-eabi/lib/thumb/v7e-m+fp/hard\libnosys.a
END GROUP
LOAD c:/users/ttoomat/stm32cubeide_1.9.0/stm32cubeide/plugins/com.st.stm32cube.ide.mcu.externaltools.gnu-tools-for-stm32.10.3-2021.10.win32_1.0.0.202111181127/tools/bin/../lib/gcc/arm-none-eabi/10.3.1/thumb/v7e-m+fp/hard/crtend.o
LOAD c:/users/ttoomat/stm32cubeide_1.9.0/stm32cubeide/plugins/com.st.stm32cube.ide.mcu.externaltools.gnu-tools-for-stm32.10.3-2021.10.win32_1.0.0.202111181127/tools/bin/../lib/gcc/arm-none-eabi/10.3.1/thumb/v7e-m+fp/hard/crtn.o
                0x0000000020020000                _estack = (ORIGIN (RAM) + LENGTH (RAM))
                0x0000000000000200                _Min_Heap_Size = 0x200
                0x0000000000000400                _Min_Stack_Size = 0x400

.isr_vector     0x0000000008000000      0x1c4
                0x0000000008000000                . = ALIGN (0x4)
 *(.isr_vector)
 .isr_vector    0x0000000008000000      0x1c4 ./Core/Startup/startup_stm32f446retx.o
                0x0000000008000000                g_pfnVectors
                0x00000000080001c4                . = ALIGN (0x4)

.text           0x00000000080001c4      0x138
                0x00000000080001c4                . = ALIGN (0x4)
 *(.text)
 .text          0x00000000080001c4       0x40 c:/users/ttoomat/stm32cubeide_1.9.0/stm32cubeide/plugins/com.st.stm32cube.ide.mcu.externaltools.gnu-tools-for-stm32.10.3-2021.10.win32_1.0.0.202111181127/tools/bin/../lib/gcc/arm-none-eabi/10.3.1/thumb/v7e-m+fp/hard/crtbegin.o
 *(.text*)
 .text.main     0x0000000008000204       0x48 ./Core/Src/main.o
                0x0000000008000204                main
 .text.Reset_Handler
                0x000000000800024c       0x4c ./Core/Startup/startup_stm32f446retx.o
                0x000000000800024c                Reset_Handler
 .text.Default_Handler
                0x0000000008000298        0x2 ./Core/Startup/startup_stm32f446retx.o
                0x0000000008000298                RTC_Alarm_IRQHandler
                0x0000000008000298                EXTI2_IRQHandler
                0x0000000008000298                TIM8_CC_IRQHandler
                0x0000000008000298                DebugMon_Handler
                0x0000000008000298                FMPI2C1_EV_IRQHandler
                0x0000000008000298                SPI4_IRQHandler
                0x0000000008000298                TIM1_CC_IRQHandler
                0x0000000008000298                DMA2_Stream5_IRQHandler
                0x0000000008000298                HardFault_Handler
                0x0000000008000298                DMA1_Stream5_IRQHandler
                0x0000000008000298                SysTick_Handler
                0x0000000008000298                PVD_IRQHandler
                0x0000000008000298                SDIO_IRQHandler
                0x0000000008000298                TAMP_STAMP_IRQHandler
                0x0000000008000298                PendSV_Handler
                0x0000000008000298                NMI_Handler
                0x0000000008000298                CAN2_RX1_IRQHandler
                0x0000000008000298                EXTI3_IRQHandler
                0x0000000008000298                TIM8_TRG_COM_TIM14_IRQHandler
                0x0000000008000298                TIM1_UP_TIM10_IRQHandler
                0x0000000008000298                TIM8_UP_TIM13_IRQHandler
                0x0000000008000298                I2C3_ER_IRQHandler
                0x0000000008000298                EXTI0_IRQHandler
                0x0000000008000298                I2C2_EV_IRQHandler
                0x0000000008000298                DMA1_Stream2_IRQHandler
                0x0000000008000298                CAN1_RX0_IRQHandler
                0x0000000008000298                FPU_IRQHandler
                0x0000000008000298                OTG_HS_WKUP_IRQHandler
                0x0000000008000298                UsageFault_Handler
                0x0000000008000298                CAN2_SCE_IRQHandler
                0x0000000008000298                DMA2_Stream2_IRQHandler
                0x0000000008000298                SPI1_IRQHandler
                0x0000000008000298                TIM6_DAC_IRQHandler
                0x0000000008000298                TIM1_BRK_TIM9_IRQHandler
                0x0000000008000298                DCMI_IRQHandler
                0x0000000008000298                CAN2_RX0_IRQHandler
                0x0000000008000298                DMA2_Stream3_IRQHandler
                0x0000000008000298                SAI2_IRQHandler
                0x0000000008000298                USART6_IRQHandler
                0x0000000008000298                USART3_IRQHandler
                0x0000000008000298                CAN1_RX1_IRQHandler
                0x0000000008000298                UART5_IRQHandler
                0x0000000008000298                DMA2_Stream0_IRQHandler
                0x0000000008000298                TIM4_IRQHandler
                0x0000000008000298                QUADSPI_IRQHandler
                0x0000000008000298                I2C1_EV_IRQHandler
                0x0000000008000298                DMA1_Stream6_IRQHandler
                0x0000000008000298                DMA1_Stream1_IRQHandler
                0x0000000008000298                UART4_IRQHandler
                0x0000000008000298                TIM3_IRQHandler
                0x0000000008000298                RCC_IRQHandler
                0x0000000008000298                TIM8_BRK_TIM12_IRQHandler
                0x0000000008000298                Default_Handler
                0x0000000008000298                CEC_IRQHandler
                0x0000000008000298                EXTI15_10_IRQHandler
                0x0000000008000298                ADC_IRQHandler
                0x0000000008000298                DMA1_Stream7_IRQHandler
                0x0000000008000298                TIM7_IRQHandler
                0x0000000008000298                CAN2_TX_IRQHandler
                0x0000000008000298                TIM5_IRQHandler
                0x0000000008000298                DMA2_Stream7_IRQHandler
                0x0000000008000298                I2C3_EV_IRQHandler
                0x0000000008000298                EXTI9_5_IRQHandler
                0x0000000008000298                RTC_WKUP_IRQHandler
                0x0000000008000298                SPDIF_RX_IRQHandler
                0x0000000008000298                SPI2_IRQHandler
                0x0000000008000298                OTG_HS_EP1_IN_IRQHandler
                0x0000000008000298                MemManage_Handler
                0x0000000008000298                DMA1_Stream0_IRQHandler
                0x0000000008000298                CAN1_TX_IRQHandler
                0x0000000008000298                SVC_Handler
                0x0000000008000298                FMPI2C1_ER_IRQHandler
                0x0000000008000298                EXTI4_IRQHandler
                0x0000000008000298                OTG_HS_EP1_OUT_IRQHandler
                0x0000000008000298                WWDG_IRQHandler
                0x0000000008000298                TIM2_IRQHandler
                0x0000000008000298                OTG_FS_WKUP_IRQHandler
                0x0000000008000298                TIM1_TRG_COM_TIM11_IRQHandler
                0x0000000008000298                OTG_HS_IRQHandler
                0x0000000008000298                EXTI1_IRQHandler
                0x0000000008000298                USART2_IRQHandler
                0x0000000008000298                I2C2_ER_IRQHandler
                0x0000000008000298                DMA2_Stream1_IRQHandler
                0x0000000008000298                CAN1_SCE_IRQHandler
                0x0000000008000298                FLASH_IRQHandler
                0x0000000008000298                DMA2_Stream4_IRQHandler
                0x0000000008000298                BusFault_Handler
                0x0000000008000298                USART1_IRQHandler
                0x0000000008000298                OTG_FS_IRQHandler
                0x0000000008000298                SPI3_IRQHandler
                0x0000000008000298                DMA1_Stream4_IRQHandler
                0x0000000008000298                I2C1_ER_IRQHandler
                0x0000000008000298                FMC_IRQHandler
                0x0000000008000298                DMA2_Stream6_IRQHandler
                0x0000000008000298                SAI1_IRQHandler
                0x0000000008000298                DMA1_Stream3_IRQHandler
 *fill*         0x000000000800029a        0x2 
 .text.__libc_init_array
                0x000000000800029c       0x48 c:/users/ttoomat/stm32cubeide_1.9.0/stm32cubeide/plugins/com.st.stm32cube.ide.mcu.externaltools.gnu-tools-for-stm32.10.3-2021.10.win32_1.0.0.202111181127/tools/bin/../lib/gcc/arm-none-eabi/10.3.1/../../../../arm-none-eabi/lib/thumb/v7e-m+fp/hard\libc_nano.a(lib_a-init.o)
                0x000000000800029c                __libc_init_array
 *(.glue_7)
 .glue_7        0x00000000080002e4        0x0 linker stubs
 *(.glue_7t)
 .glue_7t       0x00000000080002e4        0x0 linker stubs
 *(.eh_frame)
 .eh_frame      0x00000000080002e4        0x0 c:/users/ttoomat/stm32cubeide_1.9.0/stm32cubeide/plugins/com.st.stm32cube.ide.mcu.externaltools.gnu-tools-for-stm32.10.3-2021.10.win32_1.0.0.202111181127/tools/bin/../lib/gcc/arm-none-eabi/10.3.1/thumb/v7e-m+fp/hard/crtbegin.o
 *(.init)
 .init          0x00000000080002e4        0x4 c:/users/ttoomat/stm32cubeide_1.9.0/stm32cubeide/plugins/com.st.stm32cube.ide.mcu.externaltools.gnu-tools-for-stm32.10.3-2021.10.win32_1.0.0.202111181127/tools/bin/../lib/gcc/arm-none-eabi/10.3.1/thumb/v7e-m+fp/hard/crti.o
                0x00000000080002e4                _init
 .init          0x00000000080002e8        0x8 c:/users/ttoomat/stm32cubeide_1.9.0/stm32cubeide/plugins/com.st.stm32cube.ide.mcu.externaltools.gnu-tools-for-stm32.10.3-2021.10.win32_1.0.0.202111181127/tools/bin/../lib/gcc/arm-none-eabi/10.3.1/thumb/v7e-m+fp/hard/crtn.o
 *(.fini)
 .fini          0x00000000080002f0        0x4 c:/users/ttoomat/stm32cubeide_1.9.0/stm32cubeide/plugins/com.st.stm32cube.ide.mcu.externaltools.gnu-tools-for-stm32.10.3-2021.10.win32_1.0.0.202111181127/tools/bin/../lib/gcc/arm-none-eabi/10.3.1/thumb/v7e-m+fp/hard/crti.o
                0x00000000080002f0                _fini
 .fini          0x00000000080002f4        0x8 c:/users/ttoomat/stm32cubeide_1.9.0/stm32cubeide/plugins/com.st.stm32cube.ide.mcu.externaltools.gnu-tools-for-stm32.10.3-2021.10.win32_1.0.0.202111181127/tools/bin/../lib/gcc/arm-none-eabi/10.3.1/thumb/v7e-m+fp/hard/crtn.o
                0x00000000080002fc                . = ALIGN (0x4)
                0x00000000080002fc                _etext = .

.vfp11_veneer   0x00000000080002fc        0x0
 .vfp11_veneer  0x00000000080002fc        0x0 linker stubs

.v4_bx          0x00000000080002fc        0x0
 .v4_bx         0x00000000080002fc        0x0 linker stubs

.iplt           0x00000000080002fc        0x0
 .iplt          0x00000000080002fc        0x0 c:/users/ttoomat/stm32cubeide_1.9.0/stm32cubeide/plugins/com.st.stm32cube.ide.mcu.externaltools.gnu-tools-for-stm32.10.3-2021.10.win32_1.0.0.202111181127/tools/bin/../lib/gcc/arm-none-eabi/10.3.1/thumb/v7e-m+fp/hard/crtbegin.o

.rel.dyn        0x00000000080002fc        0x0
 .rel.iplt      0x00000000080002fc        0x0 c:/users/ttoomat/stm32cubeide_1.9.0/stm32cubeide/plugins/com.st.stm32cube.ide.mcu.externaltools.gnu-tools-for-stm32.10.3-2021.10.win32_1.0.0.202111181127/tools/bin/../lib/gcc/arm-none-eabi/10.3.1/thumb/v7e-m+fp/hard/crtbegin.o

.rodata         0x00000000080002fc        0x0
                0x00000000080002fc                . = ALIGN (0x4)
 *(.rodata)
 *(.rodata*)
                0x00000000080002fc                . = ALIGN (0x4)

.ARM.extab      0x00000000080002fc        0x0
                0x00000000080002fc                . = ALIGN (0x4)
 *(.ARM.extab* .gnu.linkonce.armextab.*)
                0x00000000080002fc                . = ALIGN (0x4)

.ARM            0x00000000080002fc        0x0
                0x00000000080002fc                . = ALIGN (0x4)
                0x00000000080002fc                __exidx_start = .
 *(.ARM.exidx*)
                0x00000000080002fc                __exidx_end = .
                0x00000000080002fc                . = ALIGN (0x4)

.preinit_array  0x00000000080002fc        0x0
                0x00000000080002fc                . = ALIGN (0x4)
                0x00000000080002fc                PROVIDE (__preinit_array_start = .)
 *(.preinit_array*)
                0x00000000080002fc                PROVIDE (__preinit_array_end = .)
                0x00000000080002fc                . = ALIGN (0x4)

.init_array     0x00000000080002fc        0x4
                0x00000000080002fc                . = ALIGN (0x4)
                0x00000000080002fc                PROVIDE (__init_array_start = .)
 *(SORT_BY_NAME(.init_array.*))
 *(.init_array*)
 .init_array    0x00000000080002fc        0x4 c:/users/ttoomat/stm32cubeide_1.9.0/stm32cubeide/plugins/com.st.stm32cube.ide.mcu.externaltools.gnu-tools-for-stm32.10.3-2021.10.win32_1.0.0.202111181127/tools/bin/../lib/gcc/arm-none-eabi/10.3.1/thumb/v7e-m+fp/hard/crtbegin.o
                0x0000000008000300                PROVIDE (__init_array_end = .)
                0x0000000008000300                . = ALIGN (0x4)

.fini_array     0x0000000008000300        0x4
                0x0000000008000300                . = ALIGN (0x4)
                [!provide]                        PROVIDE (__fini_array_start = .)
 *(SORT_BY_NAME(.fini_array.*))
 *(.fini_array*)
 .fini_array    0x0000000008000300        0x4 c:/users/ttoomat/stm32cubeide_1.9.0/stm32cubeide/plugins/com.st.stm32cube.ide.mcu.externaltools.gnu-tools-for-stm32.10.3-2021.10.win32_1.0.0.202111181127/tools/bin/../lib/gcc/arm-none-eabi/10.3.1/thumb/v7e-m+fp/hard/crtbegin.o
                [!provide]                        PROVIDE (__fini_array_end = .)
                0x0000000008000304                . = ALIGN (0x4)
                0x0000000008000304                _sidata = LOADADDR (.data)

.data           0x0000000020000000        0x0 load address 0x0000000008000304
                0x0000000020000000                . = ALIGN (0x4)
                0x0000000020000000                _sdata = .
 *(.data)
 *(.data*)
 *(.RamFunc)
 *(.RamFunc*)
                0x0000000020000000                . = ALIGN (0x4)
                0x0000000020000000                _edata = .

.igot.plt       0x0000000020000000        0x0 load address 0x0000000008000304
 .igot.plt      0x0000000020000000        0x0 c:/users/ttoomat/stm32cubeide_1.9.0/stm32cubeide/plugins/com.st.stm32cube.ide.mcu.externaltools.gnu-tools-for-stm32.10.3-2021.10.win32_1.0.0.202111181127/tools/bin/../lib/gcc/arm-none-eabi/10.3.1/thumb/v7e-m+fp/hard/crtbegin.o
                0x0000000020000000                . = ALIGN (0x4)

.bss            0x0000000020000000       0x1c load address 0x0000000008000304
                0x0000000020000000                _sbss = .
                0x0000000020000000                __bss_start__ = _sbss
 *(.bss)
 .bss           0x0000000020000000       0x1c c:/users/ttoomat/stm32cubeide_1.9.0/stm32cubeide/plugins/com.st.stm32cube.ide.mcu.externaltools.gnu-tools-for-stm32.10.3-2021.10.win32_1.0.0.202111181127/tools/bin/../lib/gcc/arm-none-eabi/10.3.1/thumb/v7e-m+fp/hard/crtbegin.o
 *(.bss*)
 *(COMMON)
                0x000000002000001c                . = ALIGN (0x4)
                0x000000002000001c                _ebss = .
                0x000000002000001c                __bss_end__ = _ebss

._user_heap_stack
                0x000000002000001c      0x604 load address 0x0000000008000304
                0x0000000020000020                . = ALIGN (0x8)
 *fill*         0x000000002000001c        0x4 
                [!provide]                        PROVIDE (end = .)
                0x0000000020000020                PROVIDE (_end = .)
                0x0000000020000220                . = (. + _Min_Heap_Size)
 *fill*         0x0000000020000020      0x200 
                0x0000000020000620                . = (. + _Min_Stack_Size)
 *fill*         0x0000000020000220      0x400 
                0x0000000020000620                . = ALIGN (0x8)

/DISCARD/
 libc.a(*)
 libm.a(*)
 libgcc.a(*)

.ARM.attributes
                0x0000000000000000       0x30
 *(.ARM.attributes)
 .ARM.attributes
                0x0000000000000000       0x1e c:/users/ttoomat/stm32cubeide_1.9.0/stm32cubeide/plugins/com.st.stm32cube.ide.mcu.externaltools.gnu-tools-for-stm32.10.3-2021.10.win32_1.0.0.202111181127/tools/bin/../lib/gcc/arm-none-eabi/10.3.1/thumb/v7e-m+fp/hard/crti.o
 .ARM.attributes
                0x000000000000001e       0x34 c:/users/ttoomat/stm32cubeide_1.9.0/stm32cubeide/plugins/com.st.stm32cube.ide.mcu.externaltools.gnu-tools-for-stm32.10.3-2021.10.win32_1.0.0.202111181127/tools/bin/../lib/gcc/arm-none-eabi/10.3.1/thumb/v7e-m+fp/hard/crtbegin.o
 .ARM.attributes
                0x0000000000000052       0x34 ./Core/Src/main.o
 .ARM.attributes
                0x0000000000000086       0x21 ./Core/Startup/startup_stm32f446retx.o
 .ARM.attributes
                0x00000000000000a7       0x34 c:/users/ttoomat/stm32cubeide_1.9.0/stm32cubeide/plugins/com.st.stm32cube.ide.mcu.externaltools.gnu-tools-for-stm32.10.3-2021.10.win32_1.0.0.202111181127/tools/bin/../lib/gcc/arm-none-eabi/10.3.1/../../../../arm-none-eabi/lib/thumb/v7e-m+fp/hard\libc_nano.a(lib_a-init.o)
 .ARM.attributes
                0x00000000000000db       0x1e c:/users/ttoomat/stm32cubeide_1.9.0/stm32cubeide/plugins/com.st.stm32cube.ide.mcu.externaltools.gnu-tools-for-stm32.10.3-2021.10.win32_1.0.0.202111181127/tools/bin/../lib/gcc/arm-none-eabi/10.3.1/thumb/v7e-m+fp/hard/crtn.o
OUTPUT(F4_4dig_display.elf elf32-littlearm)
LOAD linker stubs
LOAD c:/users/ttoomat/stm32cubeide_1.9.0/stm32cubeide/plugins/com.st.stm32cube.ide.mcu.externaltools.gnu-tools-for-stm32.10.3-2021.10.win32_1.0.0.202111181127/tools/bin/../lib/gcc/arm-none-eabi/10.3.1/../../../../arm-none-eabi/lib/thumb/v7e-m+fp/hard\libc.a
LOAD c:/users/ttoomat/stm32cubeide_1.9.0/stm32cubeide/plugins/com.st.stm32cube.ide.mcu.externaltools.gnu-tools-for-stm32.10.3-2021.10.win32_1.0.0.202111181127/tools/bin/../lib/gcc/arm-none-eabi/10.3.1/../../../../arm-none-eabi/lib/thumb/v7e-m+fp/hard\libm.a
LOAD c:/users/ttoomat/stm32cubeide_1.9.0/stm32cubeide/plugins/com.st.stm32cube.ide.mcu.externaltools.gnu-tools-for-stm32.10.3-2021.10.win32_1.0.0.202111181127/tools/bin/../lib/gcc/arm-none-eabi/10.3.1/thumb/v7e-m+fp/hard\libgcc.a

.debug_info     0x0000000000000000      0x373
 .debug_info    0x0000000000000000      0x351 ./Core/Src/main.o
 .debug_info    0x0000000000000351       0x22 ./Core/Startup/startup_stm32f446retx.o

.debug_abbrev   0x0000000000000000       0xc1
 .debug_abbrev  0x0000000000000000       0xaf ./Core/Src/main.o
 .debug_abbrev  0x00000000000000af       0x12 ./Core/Startup/startup_stm32f446retx.o

.debug_aranges  0x0000000000000000       0x48
 .debug_aranges
                0x0000000000000000       0x20 ./Core/Src/main.o
 .debug_aranges
                0x0000000000000020       0x28 ./Core/Startup/startup_stm32f446retx.o

.debug_ranges   0x0000000000000000       0x30
 .debug_ranges  0x0000000000000000       0x10 ./Core/Src/main.o
 .debug_ranges  0x0000000000000010       0x20 ./Core/Startup/startup_stm32f446retx.o

.debug_macro    0x0000000000000000    0x18958
 .debug_macro   0x0000000000000000       0xbf ./Core/Src/main.o
 .debug_macro   0x00000000000000bf      0xa78 ./Core/Src/main.o
 .debug_macro   0x0000000000000b37       0x28 ./Core/Src/main.o
 .debug_macro   0x0000000000000b5f       0x22 ./Core/Src/main.o
 .debug_macro   0x0000000000000b81       0x8e ./Core/Src/main.o
 .debug_macro   0x0000000000000c0f       0x51 ./Core/Src/main.o
 .debug_macro   0x0000000000000c60      0x103 ./Core/Src/main.o
 .debug_macro   0x0000000000000d63       0x6a ./Core/Src/main.o
 .debug_macro   0x0000000000000dcd      0x1df ./Core/Src/main.o
 .debug_macro   0x0000000000000fac       0x1c ./Core/Src/main.o
 .debug_macro   0x0000000000000fc8       0x22 ./Core/Src/main.o
 .debug_macro   0x0000000000000fea       0xd9 ./Core/Src/main.o
 .debug_macro   0x00000000000010c3     0x102d ./Core/Src/main.o
 .debug_macro   0x00000000000020f0      0x11f ./Core/Src/main.o
 .debug_macro   0x000000000000220f    0x16749 ./Core/Src/main.o

.debug_line     0x0000000000000000      0x4f3
 .debug_line    0x0000000000000000      0x46c ./Core/Src/main.o
 .debug_line    0x000000000000046c       0x87 ./Core/Startup/startup_stm32f446retx.o

.debug_str      0x0000000000000000    0x8a5b1
 .debug_str     0x0000000000000000    0x8a57b ./Core/Src/main.o
                                      0x8a6f8 (size before relaxing)
 .debug_str     0x000000000008a57b       0x36 ./Core/Startup/startup_stm32f446retx.o
                                         0x6a (size before relaxing)

.comment        0x0000000000000000       0x50
 .comment       0x0000000000000000       0x50 ./Core/Src/main.o
                                         0x51 (size before relaxing)

.debug_frame    0x0000000000000000       0x5c
 .debug_frame   0x0000000000000000       0x30 ./Core/Src/main.o
 .debug_frame   0x0000000000000030       0x2c c:/users/ttoomat/stm32cubeide_1.9.0/stm32cubeide/plugins/com.st.stm32cube.ide.mcu.externaltools.gnu-tools-for-stm32.10.3-2021.10.win32_1.0.0.202111181127/tools/bin/../lib/gcc/arm-none-eabi/10.3.1/../../../../arm-none-eabi/lib/thumb/v7e-m+fp/hard\libc_nano.a(lib_a-init.o)
