19:55:29 **** Incremental Build of configuration Debug for project F4_4dig_display ****
make -j8 all 
arm-none-eabi-gcc "../Core/Src/main.c" -mcpu=cortex-m4 -std=gnu11 -g3 -DDEBUG -DUSE_HAL_DRIVER -DSTM32F446xx -c -I../Core/Inc -I../Drivers/STM32F4xx_HAL_Driver/Inc -I../Drivers/STM32F4xx_HAL_Driver/Inc/Legacy -I../Drivers/CMSIS/Device/ST/STM32F4xx/Include -I../Drivers/CMSIS/Include -O0 -ffunction-sections -fdata-sections -Wall -fstack-usage -MMD -MP -MF"Core/Src/main.d" -MT"Core/Src/main.o" --specs=nano.specs -mfpu=fpv4-sp-d16 -mfloat-abi=hard -mthumb -o "Core/Src/main.o"
arm-none-eabi-gcc -o "F4_4dig_display.elf" @"objects.list"   -mcpu=cortex-m4 -T"C:\ST\STM32F4_4digits_display\F4_4dig_display\STM32F446RETX_FLASH.ld" --specs=nosys.specs -Wl,-Map="F4_4dig_display.map" -Wl,--gc-sections -static --specs=nano.specs -mfpu=fpv4-sp-d16 -mfloat-abi=hard -mthumb -Wl,--start-group -lc -lm -Wl,--end-group
Finished building target: F4_4dig_display.elf
 
arm-none-eabi-size   F4_4dig_display.elf 
arm-none-eabi-objdump -h -S  F4_4dig_display.elf  > "F4_4dig_display.list"
   text	   data	    bss	    dec	    hex	filename
    764	      8	   1568	   2340	    924	F4_4dig_display.elf
Finished building: default.size.stdout
 
Finished building: F4_4dig_display.list
 

19:55:30 Build Finished. 0 errors, 0 warnings. (took 1s.27ms)

