19:42:00 **** Build of configuration Debug for project F4_4dig_display ****
make -j8 all 
arm-none-eabi-gcc -mcpu=cortex-m4 -g3 -DDEBUG -c -x assembler-with-cpp -MMD -MP -MF"Core/Startup/startup_stm32f446retx.d" -MT"Core/Startup/startup_stm32f446retx.o" --specs=nano.specs -mfpu=fpv4-sp-d16 -mfloat-abi=hard -mthumb -o "Core/Startup/startup_stm32f446retx.o" "../Core/Startup/startup_stm32f446retx.s"
arm-none-eabi-gcc "../Core/Src/main.c" -mcpu=cortex-m4 -std=gnu11 -g3 -DDEBUG -DUSE_HAL_DRIVER -DSTM32F446xx -c -I../Core/Inc -I../Drivers/STM32F4xx_HAL_Driver/Inc -I../Drivers/STM32F4xx_HAL_Driver/Inc/Legacy -I../Drivers/CMSIS/Device/ST/STM32F4xx/Include -I../Drivers/CMSIS/Include -O0 -ffunction-sections -fdata-sections -Wall -fstack-usage -MMD -MP -MF"Core/Src/main.d" -MT"Core/Src/main.o" --specs=nano.specs -mfpu=fpv4-sp-d16 -mfloat-abi=hard -mthumb -o "Core/Src/main.o"
arm-none-eabi-gcc "../Core/Src/syscalls.c" -mcpu=cortex-m4 -std=gnu11 -g3 -DDEBUG -DUSE_HAL_DRIVER -DSTM32F446xx -c -I../Core/Inc -I../Drivers/STM32F4xx_HAL_Driver/Inc -I../Drivers/STM32F4xx_HAL_Driver/Inc/Legacy -I../Drivers/CMSIS/Device/ST/STM32F4xx/Include -I../Drivers/CMSIS/Include -O0 -ffunction-sections -fdata-sections -Wall -fstack-usage -MMD -MP -MF"Core/Src/syscalls.d" -MT"Core/Src/syscalls.o" --specs=nano.specs -mfpu=fpv4-sp-d16 -mfloat-abi=hard -mthumb -o "Core/Src/syscalls.o"
arm-none-eabi-gcc "../Core/Src/sysmem.c" -mcpu=cortex-m4 -std=gnu11 -g3 -DDEBUG -DUSE_HAL_DRIVER -DSTM32F446xx -c -I../Core/Inc -I../Drivers/STM32F4xx_HAL_Driver/Inc -I../Drivers/STM32F4xx_HAL_Driver/Inc/Legacy -I../Drivers/CMSIS/Device/ST/STM32F4xx/Include -I../Drivers/CMSIS/Include -O0 -ffunction-sections -fdata-sections -Wall -fstack-usage -MMD -MP -MF"Core/Src/sysmem.d" -MT"Core/Src/sysmem.o" --specs=nano.specs -mfpu=fpv4-sp-d16 -mfloat-abi=hard -mthumb -o "Core/Src/sysmem.o"
arm-none-eabi-gcc -o "F4_4dig_display.elf" @"objects.list"   -mcpu=cortex-m4 -T"C:\ST\STM32F4_4digits_display\F4_4dig_display\STM32F446RETX_FLASH.ld" --specs=nosys.specs -Wl,-Map="F4_4dig_display.map" -Wl,--gc-sections -static --specs=nano.specs -mfpu=fpv4-sp-d16 -mfloat-abi=hard -mthumb -Wl,--start-group -lc -lm -Wl,--end-group
c:\users\ttoomat\stm32cubeide_1.9.0\stm32cubeide\plugins\com.st.stm32cube.ide.mcu.externaltools.gnu-tools-for-stm32.10.3-2021.10.win32_1.0.0.202111181127\tools\arm-none-eabi\bin\ld.exe: ./Core/Startup/startup_stm32f446retx.o: in function `LoopFillZerobss':
C:/ST/STM32F4_4digits_display/F4_4dig_display/Debug/../Core/Startup/startup_stm32f446retx.s:95: undefined reference to `SystemInit'
collect2.exe: error: ld returned 1 exit status
make: *** [makefile:63: F4_4dig_display.elf] Error 1
"make -j8 all" terminated with exit code 2. Build might be incomplete.
19:43:13 **** Incremental Build of configuration Debug for project F4_4dig_display ****
make -j8 all 
arm-none-eabi-gcc -o "F4_4dig_display.elf" @"objects.list"   -mcpu=cortex-m4 -T"C:\ST\STM32F4_4digits_display\F4_4dig_display\STM32F446RETX_FLASH.ld" --specs=nosys.specs -Wl,-Map="F4_4dig_display.map" -Wl,--gc-sections -static --specs=nano.specs -mfpu=fpv4-sp-d16 -mfloat-abi=hard -mthumb -Wl,--start-group -lc -lm -Wl,--end-group
c:\users\ttoomat\stm32cubeide_1.9.0\stm32cubeide\plugins\com.st.stm32cube.ide.mcu.externaltools.gnu-tools-for-stm32.10.3-2021.10.win32_1.0.0.202111181127\tools\arm-none-eabi\bin\ld.exe: ./Core/Startup/startup_stm32f446retx.o: in function `LoopFillZerobss':
C:/ST/STM32F4_4digits_display/F4_4dig_display/Debug/../Core/Startup/startup_stm32f446retx.s:95: undefined reference to `SystemInit'
collect2.exe: error: ld returned 1 exit status
make: *** [makefile:63: F4_4dig_display.elf] Error 1
"make -j8 all" terminated with exit code 2. Build might be incomplete.
19:43:47 **** Incremental Build of configuration Debug for project F4_4dig_display ****
make -j8 all 
arm-none-eabi-gcc -mcpu=cortex-m4 -g3 -DDEBUG -c -x assembler-with-cpp -MMD -MP -MF"Core/Startup/startup_stm32f446retx.d" -MT"Core/Startup/startup_stm32f446retx.o" --specs=nano.specs -mfpu=fpv4-sp-d16 -mfloat-abi=hard -mthumb -o "Core/Startup/startup_stm32f446retx.o" "../Core/Startup/startup_stm32f446retx.s"
arm-none-eabi-gcc -o "F4_4dig_display.elf" @"objects.list"   -mcpu=cortex-m4 -T"C:\ST\STM32F4_4digits_display\F4_4dig_display\STM32F446RETX_FLASH.ld" --specs=nosys.specs -Wl,-Map="F4_4dig_display.map" -Wl,--gc-sections -static --specs=nano.specs -mfpu=fpv4-sp-d16 -mfloat-abi=hard -mthumb -Wl,--start-group -lc -lm -Wl,--end-group
Finished building target: F4_4dig_display.elf
 
arm-none-eabi-size   F4_4dig_display.elf 
arm-none-eabi-objdump -h -S  F4_4dig_display.elf  > "F4_4dig_display.list"
   text	   data	    bss	    dec	    hex	filename
    708	      8	   1568	   2284	    8ec	F4_4dig_display.elf
Finished building: default.size.stdout
 
Finished building: F4_4dig_display.list
 
19:44:00 **** Incremental Build of configuration Debug for project F4_4dig_display ****
make -j8 all 
arm-none-eabi-size   F4_4dig_display.elf 
   text	   data	    bss	    dec	    hex	filename
    708	      8	   1568	   2284	    8ec	F4_4dig_display.elf
Finished building: default.size.stdout
 
19:52:22 **** Incremental Build of configuration Debug for project F4_4dig_display ****
make -j8 all 
arm-none-eabi-gcc "../Core/Src/main.c" -mcpu=cortex-m4 -std=gnu11 -g3 -DDEBUG -DUSE_HAL_DRIVER -DSTM32F446xx -c -I../Core/Inc -I../Drivers/STM32F4xx_HAL_Driver/Inc -I../Drivers/STM32F4xx_HAL_Driver/Inc/Legacy -I../Drivers/CMSIS/Device/ST/STM32F4xx/Include -I../Drivers/CMSIS/Include -O0 -ffunction-sections -fdata-sections -Wall -fstack-usage -MMD -MP -MF"Core/Src/main.d" -MT"Core/Src/main.o" --specs=nano.specs -mfpu=fpv4-sp-d16 -mfloat-abi=hard -mthumb -o "Core/Src/main.o"
arm-none-eabi-gcc -o "F4_4dig_display.elf" @"objects.list"   -mcpu=cortex-m4 -T"C:\ST\STM32F4_4digits_display\F4_4dig_display\STM32F446RETX_FLASH.ld" --specs=nosys.specs -Wl,-Map="F4_4dig_display.map" -Wl,--gc-sections -static --specs=nano.specs -mfpu=fpv4-sp-d16 -mfloat-abi=hard -mthumb -Wl,--start-group -lc -lm -Wl,--end-group
Finished building target: F4_4dig_display.elf
 
arm-none-eabi-size   F4_4dig_display.elf 
arm-none-eabi-objdump -h -S  F4_4dig_display.elf  > "F4_4dig_display.list"
   text	   data	    bss	    dec	    hex	filename
    752	      8	   1568	   2328	    918	F4_4dig_display.elf
Finished building: default.size.stdout
 
Finished building: F4_4dig_display.list
 
19:52:24 **** Incremental Build of configuration Debug for project F4_4dig_display ****
make -j8 all 
arm-none-eabi-size   F4_4dig_display.elf 
   text	   data	    bss	    dec	    hex	filename
    752	      8	   1568	   2328	    918	F4_4dig_display.elf
Finished building: default.size.stdout
 
19:55:29 **** Incremental Build of configuration Debug for project F4_4dig_display ****
make -j8 all 
arm-none-eabi-gcc "../Core/Src/main.c" -mcpu=cortex-m4 -std=gnu11 -g3 -DDEBUG -DUSE_HAL_DRIVER -DSTM32F446xx -c -I../Core/Inc -I../Drivers/STM32F4xx_HAL_Driver/Inc -I../Drivers/STM32F4xx_HAL_Driver/Inc/Legacy -I../Drivers/CMSIS/Device/ST/STM32F4xx/Include -I../Drivers/CMSIS/Include -O0 -ffunction-sections -fdata-sections -Wall -fstack-usage -MMD -MP -MF"Core/Src/main.d" -MT"Core/Src/main.o" --specs=nano.specs -mfpu=fpv4-sp-d16 -mfloat-abi=hard -mthumb -o "Core/Src/main.o"
arm-none-eabi-gcc -o "F4_4dig_display.elf" @"objects.list"   -mcpu=cortex-m4 -T"C:\ST\STM32F4_4digits_display\F4_4dig_display\STM32F446RETX_FLASH.ld" --specs=nosys.specs -Wl,-Map="F4_4dig_display.map" -Wl,--gc-sections -static --specs=nano.specs -mfpu=fpv4-sp-d16 -mfloat-abi=hard -mthumb -Wl,--start-group -lc -lm -Wl,--end-group
Finished building target: F4_4dig_display.elf
 
arm-none-eabi-size   F4_4dig_display.elf 
arm-none-eabi-objdump -h -S  F4_4dig_display.elf  > "F4_4dig_display.list"
   text	   data	    bss	    dec	    hex	filename
    764	      8	   1568	   2340	    924	F4_4dig_display.elf
Finished building: default.size.stdout
 
Finished building: F4_4dig_display.list
 
